2026-02-09 19:58:06,653 INFO create id=1 email=joao@example.com
2026-02-09 19:58:06,663 INFO update id=1 email=joao@example.com
2026-02-09 19:58:06,671 INFO delete id=1
2026-02-09 19:58:06,688 INFO export count=0
2026-02-09 19:58:40,381 INFO create id=1 email=joao@example.com
2026-02-09 19:58:40,390 INFO update id=1 email=joao@example.com
2026-02-09 19:58:40,397 INFO delete id=1
2026-02-09 19:58:40,422 INFO create id=1 email=a@example.com
2026-02-09 19:58:40,430 INFO create id=2 email=b@example.com
2026-02-09 19:58:40,431 INFO export count=2
2026-02-09 19:58:40,470 ERROR Exception on /api/customers/import [POST]
Traceback (most recent call last):
  File "D:\PROGRAMA플O-AULA\.venv\Lib\site-packages\sqlalchemy\engine\base.py", line 1967, in _exec_single_context
    self.dialect.do_execute(
    ~~~~~~~~~~~~~~~~~~~~~~~^
        cursor, str_statement, effective_parameters, context
        ^^^^^^^^^^^^^^^^^^^^^^^^^^^^^^^^^^^^^^^^^^^^^^^^^^^^
    )
    ^
  File "D:\PROGRAMA플O-AULA\.venv\Lib\site-packages\sqlalchemy\engine\default.py", line 952, in do_execute
    cursor.execute(statement, parameters)
    ~~~~~~~~~~~~~~^^^^^^^^^^^^^^^^^^^^^^^
sqlite3.IntegrityError: UNIQUE constraint failed: customers.cpf

The above exception was the direct cause of the following exception:

Traceback (most recent call last):
  File "D:\PROGRAMA플O-AULA\.venv\Lib\site-packages\flask\app.py", line 2190, in wsgi_app
    response = self.full_dispatch_request()
  File "D:\PROGRAMA플O-AULA\.venv\Lib\site-packages\flask\app.py", line 1486, in full_dispatch_request
    rv = self.handle_user_exception(e)
  File "D:\PROGRAMA플O-AULA\.venv\Lib\site-packages\flask\app.py", line 1484, in full_dispatch_request
    rv = self.dispatch_request()
  File "D:\PROGRAMA플O-AULA\.venv\Lib\site-packages\flask\app.py", line 1469, in dispatch_request
    return self.ensure_sync(self.view_functions[rule.endpoint])(**view_args)
           ~~~~~~~~~~~~~~~~~~~~~~~~~~~~~~~~~~~~~~~~~~~~~~~~~~~~^^^^^^^^^^^^^
  File "D:\PROGRAMA플O-AULA\controle_system\app.py", line 99, in wrapper
    return func(*args, **kwargs)
  File "D:\PROGRAMA플O-AULA\controle_system\app.py", line 202, in import_customers
    db.session.commit()
    ~~~~~~~~~~~~~~~~~^^
  File "D:\PROGRAMA플O-AULA\.venv\Lib\site-packages\sqlalchemy\orm\scoping.py", line 597, in commit
    return self._proxied.commit()
           ~~~~~~~~~~~~~~~~~~~~^^
  File "D:\PROGRAMA플O-AULA\.venv\Lib\site-packages\sqlalchemy\orm\session.py", line 2030, in commit
    trans.commit(_to_root=True)
    ~~~~~~~~~~~~^^^^^^^^^^^^^^^
  File "<string>", line 2, in commit
  File "D:\PROGRAMA플O-AULA\.venv\Lib\site-packages\sqlalchemy\orm\state_changes.py", line 137, in _go
    ret_value = fn(self, *arg, **kw)
  File "D:\PROGRAMA플O-AULA\.venv\Lib\site-packages\sqlalchemy\orm\session.py", line 1311, in commit
    self._prepare_impl()
    ~~~~~~~~~~~~~~~~~~^^
  File "<string>", line 2, in _prepare_impl
  File "D:\PROGRAMA플O-AULA\.venv\Lib\site-packages\sqlalchemy\orm\state_changes.py", line 137, in _go
    ret_value = fn(self, *arg, **kw)
  File "D:\PROGRAMA플O-AULA\.venv\Lib\site-packages\sqlalchemy\orm\session.py", line 1286, in _prepare_impl
    self.session.flush()
    ~~~~~~~~~~~~~~~~~~^^
  File "D:\PROGRAMA플O-AULA\.venv\Lib\site-packages\sqlalchemy\orm\session.py", line 4331, in flush
    self._flush(objects)
    ~~~~~~~~~~~^^^^^^^^^
  File "D:\PROGRAMA플O-AULA\.venv\Lib\site-packages\sqlalchemy\orm\session.py", line 4466, in _flush
    with util.safe_reraise():
         ~~~~~~~~~~~~~~~~~^^
  File "D:\PROGRAMA플O-AULA\.venv\Lib\site-packages\sqlalchemy\util\langhelpers.py", line 224, in __exit__
    raise exc_value.with_traceback(exc_tb)
  File "D:\PROGRAMA플O-AULA\.venv\Lib\site-packages\sqlalchemy\orm\session.py", line 4427, in _flush
    flush_context.execute()
    ~~~~~~~~~~~~~~~~~~~~~^^
  File "D:\PROGRAMA플O-AULA\.venv\Lib\site-packages\sqlalchemy\orm\unitofwork.py", line 466, in execute
    rec.execute(self)
    ~~~~~~~~~~~^^^^^^
  File "D:\PROGRAMA플O-AULA\.venv\Lib\site-packages\sqlalchemy\orm\unitofwork.py", line 642, in execute
    util.preloaded.orm_persistence.save_obj(
    ~~~~~~~~~~~~~~~~~~~~~~~~~~~~~~~~~~~~~~~^
        self.mapper,
        ^^^^^^^^^^^^
        uow.states_for_mapper_hierarchy(self.mapper, False, False),
        ^^^^^^^^^^^^^^^^^^^^^^^^^^^^^^^^^^^^^^^^^^^^^^^^^^^^^^^^^^^
        uow,
        ^^^^
    )
    ^
  File "D:\PROGRAMA플O-AULA\.venv\Lib\site-packages\sqlalchemy\orm\persistence.py", line 93, in save_obj
    _emit_insert_statements(
    ~~~~~~~~~~~~~~~~~~~~~~~^
        base_mapper,
        ^^^^^^^^^^^^
    ...<3 lines>...
        insert,
        ^^^^^^^
    )
    ^
  File "D:\PROGRAMA플O-AULA\.venv\Lib\site-packages\sqlalchemy\orm\persistence.py", line 1233, in _emit_insert_statements
    result = connection.execute(
        statement,
        params,
        execution_options=execution_options,
    )
  File "D:\PROGRAMA플O-AULA\.venv\Lib\site-packages\sqlalchemy\engine\base.py", line 1419, in execute
    return meth(
        self,
        distilled_parameters,
        execution_options or NO_OPTIONS,
    )
  File "D:\PROGRAMA플O-AULA\.venv\Lib\site-packages\sqlalchemy\sql\elements.py", line 527, in _execute_on_connection
    return connection._execute_clauseelement(
           ~~~~~~~~~~~~~~~~~~~~~~~~~~~~~~~~~^
        self, distilled_params, execution_options
        ^^^^^^^^^^^^^^^^^^^^^^^^^^^^^^^^^^^^^^^^^
    )
    ^
  File "D:\PROGRAMA플O-AULA\.venv\Lib\site-packages\sqlalchemy\engine\base.py", line 1641, in _execute_clauseelement
    ret = self._execute_context(
        dialect,
    ...<8 lines>...
        cache_hit=cache_hit,
    )
  File "D:\PROGRAMA플O-AULA\.venv\Lib\site-packages\sqlalchemy\engine\base.py", line 1846, in _execute_context
    return self._exec_single_context(
           ~~~~~~~~~~~~~~~~~~~~~~~~~^
        dialect, context, statement, parameters
        ^^^^^^^^^^^^^^^^^^^^^^^^^^^^^^^^^^^^^^^
    )
    ^
  File "D:\PROGRAMA플O-AULA\.venv\Lib\site-packages\sqlalchemy\engine\base.py", line 1986, in _exec_single_context
    self._handle_dbapi_exception(
    ~~~~~~~~~~~~~~~~~~~~~~~~~~~~^
        e, str_statement, effective_parameters, cursor, context
        ^^^^^^^^^^^^^^^^^^^^^^^^^^^^^^^^^^^^^^^^^^^^^^^^^^^^^^^
    )
    ^
  File "D:\PROGRAMA플O-AULA\.venv\Lib\site-packages\sqlalchemy\engine\base.py", line 2363, in _handle_dbapi_exception
    raise sqlalchemy_exception.with_traceback(exc_info[2]) from e
  File "D:\PROGRAMA플O-AULA\.venv\Lib\site-packages\sqlalchemy\engine\base.py", line 1967, in _exec_single_context
    self.dialect.do_execute(
    ~~~~~~~~~~~~~~~~~~~~~~~^
        cursor, str_statement, effective_parameters, context
        ^^^^^^^^^^^^^^^^^^^^^^^^^^^^^^^^^^^^^^^^^^^^^^^^^^^^
    )
    ^
  File "D:\PROGRAMA플O-AULA\.venv\Lib\site-packages\sqlalchemy\engine\default.py", line 952, in do_execute
    cursor.execute(statement, parameters)
    ~~~~~~~~~~~~~~^^^^^^^^^^^^^^^^^^^^^^^
sqlalchemy.exc.IntegrityError: (sqlite3.IntegrityError) UNIQUE constraint failed: customers.cpf
[SQL: INSERT INTO customers (nome, email, telefone, endereco, cpf, data_nascimento, created_at) VALUES (?, ?, ?, ?, ?, ?, ?)]
[parameters: ('AA', 'a@example.com', '', '', '', '', '2026-02-09 22:58:40.470229')]
(Background on this error at: https://sqlalche.me/e/20/gkpj)
2026-02-09 19:59:23,758 INFO create id=1 email=joao@example.com
2026-02-09 19:59:23,767 INFO update id=1 email=joao@example.com
2026-02-09 19:59:23,776 INFO delete id=1
2026-02-09 19:59:23,800 INFO create id=1 email=a@example.com
2026-02-09 19:59:23,807 INFO create id=2 email=b@example.com
2026-02-09 19:59:23,808 INFO export count=2
2026-02-09 19:59:23,853 INFO import created=2 errors=0
2026-02-09 20:04:15,332 INFO create id=1 email=joao@example.com
2026-02-09 20:04:15,341 INFO update id=1 email=joao@example.com
2026-02-09 20:04:15,349 INFO delete id=1
2026-02-09 20:04:15,379 INFO create id=1 email=a@example.com
2026-02-09 20:04:15,386 INFO create id=2 email=b@example.com
2026-02-09 20:04:15,388 INFO export count=2
2026-02-09 20:04:15,569 INFO login user_id=1
2026-02-09 20:04:15,601 INFO import created=2 errors=0
2026-02-09 20:07:02,314 INFO create id=1 email=joao@example.com
2026-02-09 20:07:02,323 INFO update id=1 email=joao@example.com
2026-02-09 20:07:02,333 INFO delete id=1
2026-02-09 20:07:02,364 INFO create id=1 email=a@example.com
2026-02-09 20:07:02,371 INFO create id=2 email=b@example.com
2026-02-09 20:07:02,372 INFO export count=2
2026-02-09 20:07:02,554 INFO login user_id=1
2026-02-09 20:07:02,590 INFO import created=2 errors=0
2026-02-09 20:13:39,726 INFO create id=1 email=kelveinjecao.ti@gmail.com
2026-02-09 20:13:49,182 INFO export count=1
